// Jest Snapshot v1, https://goo.gl/fbAQLP

exports[`LoanRoute renders without crashing 1`] = `
<section
  className="section prestamo-route"
>
  <h2
    className="section-title"
  >
    Pedí Tu Prestamo
  </h2>
  <form
    onSubmit={[Function]}
  >
    <div
      className="fields-group"
    >
      <div
        className="input-field"
      >
        <input
          autoComplete="off"
          className="input-value"
          id="Counter"
          name="Counter"
          onChange={[Function]}
          placeholder="Counter"
          type="text"
          value=""
        />
      </div>
      <button
        onClick={[Function]}
        type="button"
      >
        Increment
      </button>
      <button
        onClick={[Function]}
        type="button"
      >
        Decrement
      </button>
    </div>
    <div
      className="fields-group"
    >
      <div
        className="input-field"
      >
        <input
          autoComplete="off"
          className="input-value"
          id="name"
          name="name"
          onChange={[Function]}
          placeholder="Nombre"
          type="text"
          value=""
        />
      </div>
      <div
        className="input-field"
      >
        <input
          autoComplete="off"
          className="input-value"
          id="surname"
          name="surname"
          onChange={[Function]}
          placeholder="Apellido"
          type="text"
          value=""
        />
      </div>
      <div
        className="input-field"
      >
        <input
          autoComplete="off"
          className="input-value"
          id="email"
          name="email"
          onChange={[Function]}
          placeholder="Email"
          type="text"
          value=""
        />
      </div>
    </div>
    <div
      className="fields-group"
    >
      <div
        className="input-field"
      >
        <select
          autoComplete="off"
          className="input-value"
          id="gender"
          name="gender"
          onChange={[Function]}
          placeholder="Género"
          value=""
        >
          <option
            value="M"
          >
            Masculino
          </option>
          <option
            value="F"
          >
            Femenino
          </option>
        </select>
      </div>
      <div
        className="input-field"
      >
        <input
          autoComplete="off"
          className="input-value"
          id="documentNumber"
          name="documentNumber"
          onChange={[Function]}
          placeholder="Número de Documento"
          type="number"
          value=""
        />
      </div>
    </div>
    <div
      className="fields-group"
    >
      <div
        className="input-field"
      >
        <input
          autoComplete="off"
          className="input-value"
          id="loanMount"
          name="loanMount"
          onChange={[Function]}
          placeholder="Valor del Prestamo"
          type="number"
          value=""
        />
      </div>
    </div>
    <div
      className="form-actions"
    >
      <button
        className="button submit"
        type="submit"
      >
        Submit
      </button>
    </div>
  </form>
</section>
`;
